/root/venv-minicpm/lib/python3.11/site-packages/transformers/models/auto/image_processing_auto.py:604: FutureWarning: The image_processor_class argument is deprecated and will be removed in v4.42. Please use `slow_image_processor_class`, or `fast_image_processor_class` instead
  warnings.warn(
audio coverage: 1000/1000 clips resolved
wrote pre-run manifest -> results/baseline/minicpmo45.manifest.json
[minicpmo45] loading...
Loading checkpoint shards:   0%|          | 0/4 [00:00<?, ?it/s]Loading checkpoint shards: 100%|██████████| 4/4 [00:00<00:00, 35.93it/s]Loading checkpoint shards: 100%|██████████| 4/4 [00:00<00:00, 35.88it/s]
Some weights of the model checkpoint at openbmb/MiniCPM-o-4_5 were not used when initializing MiniCPMO: ['tts.emb_code.0.weight', 'tts.emb_text.weight', 'tts.head_code.0.parametrizations.weight.original0', 'tts.head_code.0.parametrizations.weight.original1', 'tts.model.embed_tokens.weight', 'tts.model.layers.0.input_layernorm.weight', 'tts.model.layers.0.mlp.down_proj.weight', 'tts.model.layers.0.mlp.gate_proj.weight', 'tts.model.layers.0.mlp.up_proj.weight', 'tts.model.layers.0.post_attention_layernorm.weight', 'tts.model.layers.0.self_attn.k_proj.weight', 'tts.model.layers.0.self_attn.o_proj.weight', 'tts.model.layers.0.self_attn.q_proj.weight', 'tts.model.layers.0.self_attn.v_proj.weight', 'tts.model.layers.1.input_layernorm.weight', 'tts.model.layers.1.mlp.down_proj.weight', 'tts.model.layers.1.mlp.gate_proj.weight', 'tts.model.layers.1.mlp.up_proj.weight', 'tts.model.layers.1.post_attention_layernorm.weight', 'tts.model.layers.1.self_attn.k_proj.weight', 'tts.model.layers.1.self_attn.o_proj.weight', 'tts.model.layers.1.self_attn.q_proj.weight', 'tts.model.layers.1.self_attn.v_proj.weight', 'tts.model.layers.10.input_layernorm.weight', 'tts.model.layers.10.mlp.down_proj.weight', 'tts.model.layers.10.mlp.gate_proj.weight', 'tts.model.layers.10.mlp.up_proj.weight', 'tts.model.layers.10.post_attention_layernorm.weight', 'tts.model.layers.10.self_attn.k_proj.weight', 'tts.model.layers.10.self_attn.o_proj.weight', 'tts.model.layers.10.self_attn.q_proj.weight', 'tts.model.layers.10.self_attn.v_proj.weight', 'tts.model.layers.11.input_layernorm.weight', 'tts.model.layers.11.mlp.down_proj.weight', 'tts.model.layers.11.mlp.gate_proj.weight', 'tts.model.layers.11.mlp.up_proj.weight', 'tts.model.layers.11.post_attention_layernorm.weight', 'tts.model.layers.11.self_attn.k_proj.weight', 'tts.model.layers.11.self_attn.o_proj.weight', 'tts.model.layers.11.self_attn.q_proj.weight', 'tts.model.layers.11.self_attn.v_proj.weight', 'tts.model.layers.12.input_layernorm.weight', 'tts.model.layers.12.mlp.down_proj.weight', 'tts.model.layers.12.mlp.gate_proj.weight', 'tts.model.layers.12.mlp.up_proj.weight', 'tts.model.layers.12.post_attention_layernorm.weight', 'tts.model.layers.12.self_attn.k_proj.weight', 'tts.model.layers.12.self_attn.o_proj.weight', 'tts.model.layers.12.self_attn.q_proj.weight', 'tts.model.layers.12.self_attn.v_proj.weight', 'tts.model.layers.13.input_layernorm.weight', 'tts.model.layers.13.mlp.down_proj.weight', 'tts.model.layers.13.mlp.gate_proj.weight', 'tts.model.layers.13.mlp.up_proj.weight', 'tts.model.layers.13.post_attention_layernorm.weight', 'tts.model.layers.13.self_attn.k_proj.weight', 'tts.model.layers.13.self_attn.o_proj.weight', 'tts.model.layers.13.self_attn.q_proj.weight', 'tts.model.layers.13.self_attn.v_proj.weight', 'tts.model.layers.14.input_layernorm.weight', 'tts.model.layers.14.mlp.down_proj.weight', 'tts.model.layers.14.mlp.gate_proj.weight', 'tts.model.layers.14.mlp.up_proj.weight', 'tts.model.layers.14.post_attention_layernorm.weight', 'tts.model.layers.14.self_attn.k_proj.weight', 'tts.model.layers.14.self_attn.o_proj.weight', 'tts.model.layers.14.self_attn.q_proj.weight', 'tts.model.layers.14.self_attn.v_proj.weight', 'tts.model.layers.15.input_layernorm.weight', 'tts.model.layers.15.mlp.down_proj.weight', 'tts.model.layers.15.mlp.gate_proj.weight', 'tts.model.layers.15.mlp.up_proj.weight', 'tts.model.layers.15.post_attention_layernorm.weight', 'tts.model.layers.15.self_attn.k_proj.weight', 'tts.model.layers.15.self_attn.o_proj.weight', 'tts.model.layers.15.self_attn.q_proj.weight', 'tts.model.layers.15.self_attn.v_proj.weight', 'tts.model.layers.16.input_layernorm.weight', 'tts.model.layers.16.mlp.down_proj.weight', 'tts.model.layers.16.mlp.gate_proj.weight', 'tts.model.layers.16.mlp.up_proj.weight', 'tts.model.layers.16.post_attention_layernorm.weight', 'tts.model.layers.16.self_attn.k_proj.weight', 'tts.model.layers.16.self_attn.o_proj.weight', 'tts.model.layers.16.self_attn.q_proj.weight', 'tts.model.layers.16.self_attn.v_proj.weight', 'tts.model.layers.17.input_layernorm.weight', 'tts.model.layers.17.mlp.down_proj.weight', 'tts.model.layers.17.mlp.gate_proj.weight', 'tts.model.layers.17.mlp.up_proj.weight', 'tts.model.layers.17.post_attention_layernorm.weight', 'tts.model.layers.17.self_attn.k_proj.weight', 'tts.model.layers.17.self_attn.o_proj.weight', 'tts.model.layers.17.self_attn.q_proj.weight', 'tts.model.layers.17.self_attn.v_proj.weight', 'tts.model.layers.18.input_layernorm.weight', 'tts.model.layers.18.mlp.down_proj.weight', 'tts.model.layers.18.mlp.gate_proj.weight', 'tts.model.layers.18.mlp.up_proj.weight', 'tts.model.layers.18.post_attention_layernorm.weight', 'tts.model.layers.18.self_attn.k_proj.weight', 'tts.model.layers.18.self_attn.o_proj.weight', 'tts.model.layers.18.self_attn.q_proj.weight', 'tts.model.layers.18.self_attn.v_proj.weight', 'tts.model.layers.19.input_layernorm.weight', 'tts.model.layers.19.mlp.down_proj.weight', 'tts.model.layers.19.mlp.gate_proj.weight', 'tts.model.layers.19.mlp.up_proj.weight', 'tts.model.layers.19.post_attention_layernorm.weight', 'tts.model.layers.19.self_attn.k_proj.weight', 'tts.model.layers.19.self_attn.o_proj.weight', 'tts.model.layers.19.self_attn.q_proj.weight', 'tts.model.layers.19.self_attn.v_proj.weight', 'tts.model.layers.2.input_layernorm.weight', 'tts.model.layers.2.mlp.down_proj.weight', 'tts.model.layers.2.mlp.gate_proj.weight', 'tts.model.layers.2.mlp.up_proj.weight', 'tts.model.layers.2.post_attention_layernorm.weight', 'tts.model.layers.2.self_attn.k_proj.weight', 'tts.model.layers.2.self_attn.o_proj.weight', 'tts.model.layers.2.self_attn.q_proj.weight', 'tts.model.layers.2.self_attn.v_proj.weight', 'tts.model.layers.3.input_layernorm.weight', 'tts.model.layers.3.mlp.down_proj.weight', 'tts.model.layers.3.mlp.gate_proj.weight', 'tts.model.layers.3.mlp.up_proj.weight', 'tts.model.layers.3.post_attention_layernorm.weight', 'tts.model.layers.3.self_attn.k_proj.weight', 'tts.model.layers.3.self_attn.o_proj.weight', 'tts.model.layers.3.self_attn.q_proj.weight', 'tts.model.layers.3.self_attn.v_proj.weight', 'tts.model.layers.4.input_layernorm.weight', 'tts.model.layers.4.mlp.down_proj.weight', 'tts.model.layers.4.mlp.gate_proj.weight', 'tts.model.layers.4.mlp.up_proj.weight', 'tts.model.layers.4.post_attention_layernorm.weight', 'tts.model.layers.4.self_attn.k_proj.weight', 'tts.model.layers.4.self_attn.o_proj.weight', 'tts.model.layers.4.self_attn.q_proj.weight', 'tts.model.layers.4.self_attn.v_proj.weight', 'tts.model.layers.5.input_layernorm.weight', 'tts.model.layers.5.mlp.down_proj.weight', 'tts.model.layers.5.mlp.gate_proj.weight', 'tts.model.layers.5.mlp.up_proj.weight', 'tts.model.layers.5.post_attention_layernorm.weight', 'tts.model.layers.5.self_attn.k_proj.weight', 'tts.model.layers.5.self_attn.o_proj.weight', 'tts.model.layers.5.self_attn.q_proj.weight', 'tts.model.layers.5.self_attn.v_proj.weight', 'tts.model.layers.6.input_layernorm.weight', 'tts.model.layers.6.mlp.down_proj.weight', 'tts.model.layers.6.mlp.gate_proj.weight', 'tts.model.layers.6.mlp.up_proj.weight', 'tts.model.layers.6.post_attention_layernorm.weight', 'tts.model.layers.6.self_attn.k_proj.weight', 'tts.model.layers.6.self_attn.o_proj.weight', 'tts.model.layers.6.self_attn.q_proj.weight', 'tts.model.layers.6.self_attn.v_proj.weight', 'tts.model.layers.7.input_layernorm.weight', 'tts.model.layers.7.mlp.down_proj.weight', 'tts.model.layers.7.mlp.gate_proj.weight', 'tts.model.layers.7.mlp.up_proj.weight', 'tts.model.layers.7.post_attention_layernorm.weight', 'tts.model.layers.7.self_attn.k_proj.weight', 'tts.model.layers.7.self_attn.o_proj.weight', 'tts.model.layers.7.self_attn.q_proj.weight', 'tts.model.layers.7.self_attn.v_proj.weight', 'tts.model.layers.8.input_layernorm.weight', 'tts.model.layers.8.mlp.down_proj.weight', 'tts.model.layers.8.mlp.gate_proj.weight', 'tts.model.layers.8.mlp.up_proj.weight', 'tts.model.layers.8.post_attention_layernorm.weight', 'tts.model.layers.8.self_attn.k_proj.weight', 'tts.model.layers.8.self_attn.o_proj.weight', 'tts.model.layers.8.self_attn.q_proj.weight', 'tts.model.layers.8.self_attn.v_proj.weight', 'tts.model.layers.9.input_layernorm.weight', 'tts.model.layers.9.mlp.down_proj.weight', 'tts.model.layers.9.mlp.gate_proj.weight', 'tts.model.layers.9.mlp.up_proj.weight', 'tts.model.layers.9.post_attention_layernorm.weight', 'tts.model.layers.9.self_attn.k_proj.weight', 'tts.model.layers.9.self_attn.o_proj.weight', 'tts.model.layers.9.self_attn.q_proj.weight', 'tts.model.layers.9.self_attn.v_proj.weight', 'tts.model.norm.weight', 'tts.projector_semantic.linear1.bias', 'tts.projector_semantic.linear1.weight', 'tts.projector_semantic.linear2.bias', 'tts.projector_semantic.linear2.weight', 'tts.projector_spk.linear1.bias', 'tts.projector_spk.linear1.weight', 'tts.projector_spk.linear2.bias', 'tts.projector_spk.linear2.weight']
- This IS expected if you are initializing MiniCPMO from the checkpoint of a model trained on another task or with another architecture (e.g. initializing a BertForSequenceClassification model from a BertForPreTraining model).
- This IS NOT expected if you are initializing MiniCPMO from the checkpoint of a model that you expect to be exactly identical (initializing a BertForSequenceClassification model from a BertForSequenceClassification model).
Using a slow image processor as `use_fast` is unset and a slow processor was saved with this model. `use_fast=True` will be the default behavior in v4.52, even if the model was saved with a slow processor. This will result in minor differences in outputs. You'll still be able to use a slow processor with `use_fast=False`.
/root/venv-minicpm/lib/python3.11/site-packages/transformers/models/auto/image_processing_auto.py:604: FutureWarning: The image_processor_class argument is deprecated and will be removed in v4.42. Please use `slow_image_processor_class`, or `fast_image_processor_class` instead
  warnings.warn(
/root/venv-minicpm/lib/python3.11/site-packages/transformers/generation/configuration_utils.py:631: UserWarning: `do_sample` is set to `False`. However, `temperature` is set to `0.7` -- this flag is only used in sample-based generation modes. You should set `do_sample=True` or unset `temperature`.
  warnings.warn(
/root/venv-minicpm/lib/python3.11/site-packages/transformers/generation/configuration_utils.py:636: UserWarning: `do_sample` is set to `False`. However, `top_p` is set to `0.8` -- this flag is only used in sample-based generation modes. You should set `do_sample=True` or unset `top_p`.
  warnings.warn(
/root/venv-minicpm/lib/python3.11/site-packages/transformers/generation/configuration_utils.py:653: UserWarning: `do_sample` is set to `False`. However, `top_k` is set to `100` -- this flag is only used in sample-based generation modes. You should set `do_sample=True` or unset `top_k`.
  warnings.warn(
The `seen_tokens` attribute is deprecated and will be removed in v4.41. Use the `cache_position` model input instead.
  ! rev 44151b3 | attn sdpa | init_tts=False | omni_mode=False
  50/1000  lenient=50.0%  strict=50.0%
  100/1000  lenient=43.0%  strict=43.0%
  150/1000  lenient=41.3%  strict=41.3%
  200/1000  lenient=45.0%  strict=45.0%
  250/1000  lenient=46.4%  strict=46.4%
  300/1000  lenient=45.0%  strict=45.0%
  350/1000  lenient=45.1%  strict=45.1%
  400/1000  lenient=45.2%  strict=45.2%
  450/1000  lenient=46.2%  strict=46.2%
  500/1000  lenient=45.8%  strict=45.8%
  550/1000  lenient=45.5%  strict=45.5%
  600/1000  lenient=45.5%  strict=45.5%
  650/1000  lenient=45.7%  strict=45.7%
  700/1000  lenient=46.6%  strict=46.6%
  750/1000  lenient=46.5%  strict=46.5%
  800/1000  lenient=46.6%  strict=46.6%
  850/1000  lenient=46.9%  strict=46.9%
  900/1000  lenient=47.2%  strict=47.2%
  950/1000  lenient=46.9%  strict=46.9%
  1000/1000  lenient=47.1%  strict=47.1%

  ALL-1000   lenient=47.10%  strict=47.10%
  DISC-650    lenient=43.08%  strict=43.08%
  latency median=3.387s p90=3.775s [model.chat() whole call; includes internal preprocessing]
  wrote results/baseline/minicpmo45.jsonl
  wrote results/baseline/minicpmo45.manifest.json

  Next, before any number is reported: Gate 2 by eye on results/baseline/minicpmo45_rendered_prompt.txt, the §5.2 format-failure audit, and the §5.4 per-type table (question_type + correct + strict_match are on every row).
