/root/venv-phi4/lib/python3.11/site-packages/transformers/models/auto/image_processing_auto.py:590: FutureWarning: The image_processor_class argument is deprecated and will be removed in v4.42. Please use `slow_image_processor_class`, or `fast_image_processor_class` instead
  warnings.warn(
Using a slow image processor as `use_fast` is unset and a slow processor was saved with this model. `use_fast=True` will be the default behavior in v4.48, even if the model was saved with a slow processor. This will result in minor differences in outputs. You'll still be able to use a slow processor with `use_fast=False`.
  6685 frames in data/frames/002-004; taking first 8 by sorted name (one fixed set throughout — Gate 3 tests audio, not correctness)
[phi4mm] loading...
Downloading shards:   0%|          | 0/3 [00:00<?, ?it/s]Downloading shards:  33%|███▎      | 1/3 [00:22<00:44, 22.45s/it]Downloading shards:  67%|██████▋   | 2/3 [00:43<00:21, 21.90s/it]Downloading shards: 100%|██████████| 3/3 [00:52<00:00, 15.67s/it]Downloading shards: 100%|██████████| 3/3 [00:52<00:00, 17.41s/it]
/workspace/hf_cache/modules/transformers_modules/microsoft/Phi-4-multimodal-instruct/93f923e1a7727d1c4f446756212d9d3e8fcc5d81/speech_conformer_encoder.py:2774: FutureWarning: Please specify CheckpointImpl.NO_REENTRANT as CheckpointImpl.REENTRANT will soon be removed as the default and eventually deprecated.
  lambda i: encoder_checkpoint_wrapper(
Loading checkpoint shards:   0%|          | 0/3 [00:00<?, ?it/s]Loading checkpoint shards:  33%|███▎      | 1/3 [00:09<00:19,  9.64s/it]Loading checkpoint shards:  67%|██████▋   | 2/3 [00:32<00:17, 17.47s/it]Loading checkpoint shards: 100%|██████████| 3/3 [00:37<00:00, 11.84s/it]Loading checkpoint shards: 100%|██████████| 3/3 [00:37<00:00, 12.58s/it]
/root/venv-phi4/lib/python3.11/site-packages/torch/utils/checkpoint.py:87: UserWarning: None of the inputs have requires_grad=True. Gradients will be None
  warnings.warn(
You are not running the flash-attention implementation, expect numerical differences.
  ! rev 93f923e | attn eager
Traceback (most recent call last):
  File "/workspace/surgivqa/src/bench/verify_combined_path.py", line 325, in <module>
    sys.exit(main())
             ^^^^^^
  File "/workspace/surgivqa/src/bench/verify_combined_path.py", line 254, in main
    _, det_a, _ = adapter.run(images, pairs[0]["audio_a"])
                  ^^^^^^^^^^^^^^^^^^^^^^^^^^^^^^^^^^^^^^^^
  File "/workspace/surgivqa/src/bench/omni_adapters.py", line 250, in run
    out = self.model.generate(**inputs, max_new_tokens=MAX_NEW_TOKENS,
          ^^^^^^^^^^^^^^^^^^^^^^^^^^^^^^^^^^^^^^^^^^^^^^^^^^^^^^^^^^^^
  File "/root/venv-phi4/lib/python3.11/site-packages/torch/utils/_contextlib.py", line 116, in decorate_context
    return func(*args, **kwargs)
           ^^^^^^^^^^^^^^^^^^^^^
  File "/root/venv-phi4/lib/python3.11/site-packages/transformers/generation/utils.py", line 2255, in generate
    result = self._sample(
             ^^^^^^^^^^^^^
  File "/root/venv-phi4/lib/python3.11/site-packages/transformers/generation/utils.py", line 3254, in _sample
    outputs = self(**model_inputs, return_dict=True)
              ^^^^^^^^^^^^^^^^^^^^^^^^^^^^^^^^^^^^^^
  File "/root/venv-phi4/lib/python3.11/site-packages/torch/nn/modules/module.py", line 1739, in _wrapped_call_impl
    return self._call_impl(*args, **kwargs)
           ^^^^^^^^^^^^^^^^^^^^^^^^^^^^^^^^
  File "/root/venv-phi4/lib/python3.11/site-packages/torch/nn/modules/module.py", line 1750, in _call_impl
    return forward_call(*args, **kwargs)
           ^^^^^^^^^^^^^^^^^^^^^^^^^^^^^
  File "/workspace/hf_cache/modules/transformers_modules/microsoft/Phi-4-multimodal-instruct/93f923e1a7727d1c4f446756212d9d3e8fcc5d81/modeling_phi4mm.py", line 2116, in forward
    outputs = self.model(
              ^^^^^^^^^^^
  File "/root/venv-phi4/lib/python3.11/site-packages/torch/nn/modules/module.py", line 1739, in _wrapped_call_impl
    return self._call_impl(*args, **kwargs)
           ^^^^^^^^^^^^^^^^^^^^^^^^^^^^^^^^
  File "/root/venv-phi4/lib/python3.11/site-packages/torch/nn/modules/module.py", line 1750, in _call_impl
    return forward_call(*args, **kwargs)
           ^^^^^^^^^^^^^^^^^^^^^^^^^^^^^
  File "/workspace/hf_cache/modules/transformers_modules/microsoft/Phi-4-multimodal-instruct/93f923e1a7727d1c4f446756212d9d3e8fcc5d81/modeling_phi4mm.py", line 1755, in forward
    layer_outputs = decoder_layer(
                    ^^^^^^^^^^^^^^
  File "/root/venv-phi4/lib/python3.11/site-packages/torch/nn/modules/module.py", line 1739, in _wrapped_call_impl
    return self._call_impl(*args, **kwargs)
           ^^^^^^^^^^^^^^^^^^^^^^^^^^^^^^^^
  File "/root/venv-phi4/lib/python3.11/site-packages/torch/nn/modules/module.py", line 1750, in _call_impl
    return forward_call(*args, **kwargs)
           ^^^^^^^^^^^^^^^^^^^^^^^^^^^^^
  File "/workspace/hf_cache/modules/transformers_modules/microsoft/Phi-4-multimodal-instruct/93f923e1a7727d1c4f446756212d9d3e8fcc5d81/modeling_phi4mm.py", line 1459, in forward
    attn_outputs, self_attn_weights, present_key_value = self.self_attn(
                                                         ^^^^^^^^^^^^^^^
  File "/root/venv-phi4/lib/python3.11/site-packages/torch/nn/modules/module.py", line 1739, in _wrapped_call_impl
    return self._call_impl(*args, **kwargs)
           ^^^^^^^^^^^^^^^^^^^^^^^^^^^^^^^^
  File "/root/venv-phi4/lib/python3.11/site-packages/torch/nn/modules/module.py", line 1750, in _call_impl
    return forward_call(*args, **kwargs)
           ^^^^^^^^^^^^^^^^^^^^^^^^^^^^^
  File "/workspace/hf_cache/modules/transformers_modules/microsoft/Phi-4-multimodal-instruct/93f923e1a7727d1c4f446756212d9d3e8fcc5d81/modeling_phi4mm.py", line 1150, in forward
    attn_weights = torch.matmul(query_states, key_states.transpose(2, 3)) / math.sqrt(self.head_dim)
                   ~~~~~~~~~~~~~~~~~~~~~~~~~~~~~~~~~~~~~~~~~~~~~~~~~~~~~~~^~~~~~~~~~~~~~~~~~~~~~~~~~
torch.OutOfMemoryError: CUDA out of memory. Tried to allocate 29.50 GiB. GPU 0 has a total capacity of 47.40 GiB of which 471.69 MiB is free. Including non-PyTorch memory, this process has 46.93 GiB memory in use. Of the allocated memory 43.97 GiB is allocated by PyTorch, and 2.64 GiB is reserved by PyTorch but unallocated. If reserved but unallocated memory is large try setting PYTORCH_CUDA_ALLOC_CONF=expandable_segments:True to avoid fragmentation.  See documentation for Memory Management  (https://pytorch.org/docs/stable/notes/cuda.html#environment-variables)
